**********************
Начало записи сценария Windows PowerShell
Время начала: 20251115174312
Имя пользователя: BERS\artae
Запуск от имени пользователя: BERS\artae
Имя конфигурации: 
Компьютер: BERS (Microsoft Windows NT 10.0.26200.0)
Ведущее приложение: C:\WINDOWS\System32\WindowsPowerShell\v1.0\powershell.exe
ИД процесса: 17624
PSVersion: 5.1.26100.7019
PSEdition: Desktop
PSCompatibleVersions: 1.0, 2.0, 3.0, 4.0, 5.0, 5.1.26100.7019
BuildVersion: 10.0.26100.7019
CLRVersion: 4.0.30319.42000
WSManStackVersion: 3.0
PSRemotingProtocolVersion: 2.3
SerializationVersion: 1.1.0.1
**********************
Транскрибирование запущено, выходной файл logs\ps_step_hrnet_train_real_20251115_174312.log
PS D:\GM\tools\2_Landmarking_v1.0> Write-Host "=== GM Landmarking: первый реальный запуск обучения HRNet с PyTorch ==="
=== GM Landmarking: первый реальный запуск обучения HRNet с PyTorch ===
PS D:\GM\tools\2_Landmarking_v1.0> Write-Host ""

PS D:\GM\tools\2_Landmarking_v1.0> Write-Host "Сейчас откроется меню 2_TRAIN-INFER_HRNet."
Сейчас откроется меню 2_TRAIN-INFER_HRNet.
PS D:\GM\tools\2_Landmarking_v1.0> Write-Host "Внутри меню:"
Внутри меню:
PS D:\GM\tools\2_Landmarking_v1.0> Write-Host "  1) Выбери пункт '1) Train / Finetune model on MANUAL localities'"
  1) Выбери пункт '1) Train / Finetune model on MANUAL localities'
PS D:\GM\tools\2_Landmarking_v1.0> Write-Host "  2) Дождись конца обучения (без красных трассировок в конце)."
  2) Дождись конца обучения (без красных трассировок в конце).
PS D:\GM\tools\2_Landmarking_v1.0> Write-Host "  3) Потом выбери '0) Quit' для выхода из меню."
  3) Потом выбери '0) Quit' для выхода из меню.
PS D:\GM\tools\2_Landmarking_v1.0> Write-Host ""

PS D:\GM\tools\2_Landmarking_v1.0> # 3. Запуск тренера (меню HRNet)
PS D:\GM\tools\2_Landmarking_v1.0> .\2_TRAIN-INFER_HRNet.bat

PS D:\GM\tools\2_Landmarking_v1.0> TerminatingError(): "Конвейерная обработка была остановлена."
>> TerminatingError(): "Конвейерная обработка была остановлена."
PS D:\GM\tools\2_Landmarking_v1.0> # 4. Останавливаем протоколирование PowerShell
PS D:\GM\tools\2_Landmarking_v1.0> Stop-Transcript
**********************
Конец записи протокола Windows PowerShell
Время окончания: 20251115175259
**********************
