**********************
Начало записи сценария Windows PowerShell
Время начала: 20251116121228
Имя пользователя: BERS\artae
Запуск от имени пользователя: BERS\artae
Имя конфигурации: 
Компьютер: BERS (Microsoft Windows NT 10.0.26200.0)
Ведущее приложение: C:\WINDOWS\System32\WindowsPowerShell\v1.0\powershell.exe
ИД процесса: 3844
PSVersion: 5.1.26100.7019
PSEdition: Desktop
PSCompatibleVersions: 1.0, 2.0, 3.0, 4.0, 5.0, 5.1.26100.7019
BuildVersion: 10.0.26100.7019
CLRVersion: 4.0.30319.42000
WSManStackVersion: 3.0
PSRemotingProtocolVersion: 2.3
SerializationVersion: 1.1.0.1
**********************
Транскрибирование запущено, выходной файл logs\ps_train_hrnet_1024_20251116_121228.log
PS D:\GM\tools\2_Landmarking_v1.0> Write-Host "=== HRNet training run (input_size=1024, no flip) ==="
=== HRNet training run (input_size=1024, no flip) ===
PS D:\GM\tools\2_Landmarking_v1.0> Write-Host ""

PS D:\GM\tools\2_Landmarking_v1.0> Write-Host "Сейчас откроется меню тренера."
Сейчас откроется меню тренера.
PS D:\GM\tools\2_Landmarking_v1.0> Write-Host "Сделай так:"
Сделай так:
PS D:\GM\tools\2_Landmarking_v1.0> Write-Host "  1) Выбери пункт '1) Train / Finetune model on MANUAL localities'."
  1) Выбери пункт '1) Train / Finetune model on MANUAL localities'.
PS D:\GM\tools\2_Landmarking_v1.0> Write-Host "  2) Если спросит базу/локальности — выбери как обычно."
  2) Если спросит базу/локальности — выбери как обычно.
PS D:\GM\tools\2_Landmarking_v1.0> Write-Host "  3) Дальше просто ждёшь окончания обучения."
  3) Дальше просто ждёшь окончания обучения.
PS D:\GM\tools\2_Landmarking_v1.0> Write-Host ""

PS D:\GM\tools\2_Landmarking_v1.0> & ".\2_TRAIN-INFER_HRNet.bat"

PS D:\GM\tools\2_Landmarking_v1.0> TerminatingError(): "Конвейерная обработка была остановлена."
>> TerminatingError(): "Конвейерная обработка была остановлена."
PS D:\GM\tools\2_Landmarking_v1.0> Write-Host ""

PS D:\GM\tools\2_Landmarking_v1.0> Write-Host "=== HRNet training run finished (bat-файл закрылся) ==="
=== HRNet training run finished (bat-файл закрылся) ===
PS D:\GM\tools\2_Landmarking_v1.0> Stop-Transcript
**********************
Конец записи протокола Windows PowerShell
Время окончания: 20251116125058
**********************
